// Vitest Snapshot v1, https://vitest.dev/guide/snapshot.html

exports[`Diamond Component > renders with default colors and radius 1`] = `
<svg
  height="56"
  viewBox="-68 -28 56 56"
  width="56"
>
  <g>
    <circle
      cx="-16"
      cy="0"
      data-ai="0"
      data-level="1-1"
      r="4"
      style="fill: #A9A9A9; transition: fill 0.35s ease-out;"
    />
    <circle
      cx="-32"
      cy="0"
      data-ai="0"
      data-level="1-2"
      r="4"
      style="fill: #A9A9A9; transition: fill 0.35s ease-out;"
    />
    <circle
      cx="-24"
      cy="-8"
      data-ai="1"
      data-level="1-2"
      r="4"
      style="fill: #A9A9A9; transition: fill 0.35s ease-out;"
    />
    <circle
      cx="-24"
      cy="8"
      data-ai="2"
      data-level="1-2"
      r="4"
      style="fill: #A9A9A9; transition: fill 0.35s ease-out;"
    />
    <circle
      cx="-48"
      cy="0"
      data-ai="0"
      data-level="1-3"
      r="4"
      style="fill: #A9A9A9; transition: fill 0.35s ease-out;"
    />
    <circle
      cx="-40"
      cy="-8"
      data-ai="1"
      data-level="1-3"
      r="4"
      style="fill: #A9A9A9; transition: fill 0.35s ease-out;"
    />
    <circle
      cx="-40"
      cy="8"
      data-ai="2"
      data-level="1-3"
      r="4"
      style="fill: #A9A9A9; transition: fill 0.35s ease-out;"
    />
    <circle
      cx="-32"
      cy="-16"
      data-ai="3"
      data-level="1-3"
      r="4"
      style="fill: #A9A9A9; transition: fill 0.35s ease-out;"
    />
    <circle
      cx="-32"
      cy="16"
      data-ai="4"
      data-level="1-3"
      r="4"
      style="fill: #A9A9A9; transition: fill 0.35s ease-out;"
    />
    <circle
      cx="-64"
      cy="0"
      data-ai="0"
      data-level="1-4"
      r="4"
      style="fill: #A9A9A9; transition: fill 0.35s ease-out;"
    />
    <circle
      cx="-56"
      cy="-8"
      data-ai="1"
      data-level="1-4"
      r="4"
      style="fill: #A9A9A9; transition: fill 0.35s ease-out;"
    />
    <circle
      cx="-56"
      cy="8"
      data-ai="2"
      data-level="1-4"
      r="4"
      style="fill: #A9A9A9; transition: fill 0.35s ease-out;"
    />
    <circle
      cx="-48"
      cy="-16"
      data-ai="3"
      data-level="1-4"
      r="4"
      style="fill: #A9A9A9; transition: fill 0.35s ease-out;"
    />
    <circle
      cx="-48"
      cy="16"
      data-ai="4"
      data-level="1-4"
      r="4"
      style="fill: #A9A9A9; transition: fill 0.35s ease-out;"
    />
    <circle
      cx="-40"
      cy="-24"
      data-ai="5"
      data-level="1-4"
      r="4"
      style="fill: #A9A9A9; transition: fill 0.35s ease-out;"
    />
    <circle
      cx="-40"
      cy="24"
      data-ai="6"
      data-level="1-4"
      r="4"
      style="fill: #A9A9A9; transition: fill 0.35s ease-out;"
    />
  </g>
</svg>
`;
